// Jest Snapshot v1, https://goo.gl/fbAQLP

exports[`should render header correctly 1`] = `
<header>
  <h1>
    BudgetApp
  </h1>
  <ul>
    <li>
      <NavLink
        activeClassName="is-active"
        aria-current="page"
        exact={true}
        to="/"
      >
        Dashboard
      </NavLink>
    </li>
    <li>
      <NavLink
        activeClassName="is-active"
        aria-current="page"
        to="/help"
      >
        Help page
      </NavLink>
    </li>
    <li>
      <NavLink
        activeClassName="is-active"
        aria-current="page"
        to="/add"
      >
        Add expense
      </NavLink>
    </li>
  </ul>
</header>
`;
